[17:26:59] [INFO   ] 📋 Gestor de métricas iniciado
[17:26:59] [INFO   ] ✅ Simulador iniciado
[17:27:01] [INFO   ] 🚘 V001 [Normal] → En camino creado
[17:27:02] [WARNING] ⏳ V001 esperando cupo...
[17:27:02] [SUCCESS] ✅ V001 ingresó → Espacio #1 | Espera: 0.0s
[17:27:14] [INFO   ] V001 salio | Estacionado: 12.45s
[17:27:40] [INFO   ] 🚘 V002 [Normal] → En camino creado
[17:27:41] [WARNING] ⏳ V002 esperando cupo...
[17:27:41] [SUCCESS] ✅ V002 ingresó → Espacio #1 | Espera: 0.0s
[17:27:51] [INFO   ] 🚘 V003 [Normal] → En camino creado
[17:27:53] [WARNING] ⏳ V003 esperando cupo...
[17:27:54] [SUCCESS] ✅ V003 ingresó → Espacio #2 | Espera: 0.0s
[17:28:00] [INFO   ] V002 salio | Estacionado: 18.94s
[17:28:01] [INFO   ] 🚘 V004 [Normal] → En camino creado
[17:28:02] [WARNING] ⏳ V004 esperando cupo...
[17:28:02] [SUCCESS] ✅ V004 ingresó → Espacio #1 | Espera: 0.0s
[17:28:04] [INFO   ] V003 salio | Estacionado: 10.94s
[17:28:11] [INFO   ] 🚘 V005 [Normal] → En camino creado
[17:28:12] [WARNING] ⏳ V005 esperando cupo...
[17:28:13] [SUCCESS] ✅ V005 ingresó → Espacio #2 | Espera: 0.0s
[17:28:14] [INFO   ] V004 salio | Estacionado: 12.02s
[17:28:19] [INFO   ] 🚘 V006 [Normal] → En camino creado
[17:28:22] [WARNING] ⏳ V006 esperando cupo...
[17:28:22] [SUCCESS] ✅ V006 ingresó → Espacio #1 | Espera: 0.0s
[17:28:24] [INFO   ] V005 salio | Estacionado: 12.08s
[17:28:24] [INFO   ] V006 salio | Estacionado: 2.74s
[17:28:24] [WARNING] 🛑 Simulador detenido
