[18:34:20] [INFO   ] 📋 Gestor de métricas iniciado
[18:34:20] [INFO   ] ✅ Simulador iniciado
[18:34:22] [INFO   ] 🚘 V001 [Normal] → En camino creado
[18:34:23] [WARNING] ⏳ V001 esperando cupo...
[18:34:23] [SUCCESS] ✅ V001 ingresó → Espacio #1 | Espera: 0.0s
[18:34:29] [INFO   ] 🚘 V002 [Normal] → En camino creado
[18:34:31] [WARNING] ⏳ V002 esperando cupo...
[18:34:31] [SUCCESS] ✅ V002 ingresó → Espacio #2 | Espera: 0.0s
[18:34:34] [INFO   ] V001 salio | Estacionado: 11.0s
[18:34:39] [INFO   ] 🚘 V003 [Normal] → En camino creado
[18:34:39] [INFO   ] V002 salio | Estacionado: 9.05s
[18:34:40] [WARNING] ⏳ V003 esperando cupo...
[18:34:40] [SUCCESS] ✅ V003 ingresó → Espacio #1 | Espera: 0.0s
[18:34:46] [INFO   ] 🚘 V004 [Normal] → En camino creado
[18:34:48] [WARNING] ⏳ V004 esperando cupo...
[18:34:49] [SUCCESS] ✅ V004 ingresó → Espacio #2 | Espera: 0.0s
[18:34:51] [INFO   ] V003 salio | Estacionado: 10.84s
[18:34:56] [INFO   ] 🚘 V005 [Normal] → En camino creado
[18:34:57] [WARNING] ⏳ V005 esperando cupo...
[18:34:58] [SUCCESS] ✅ V005 ingresó → Espacio #1 | Espera: 0.0s
[18:35:01] [INFO   ] 🚘 V006 [Normal] → En camino creado
[18:35:01] [INFO   ] V004 salio | Estacionado: 13.08s
[18:35:03] [WARNING] ⏳ V006 esperando cupo...
[18:35:03] [SUCCESS] ✅ V006 ingresó → Espacio #2 | Espera: 0.0s
[18:35:08] [INFO   ] 🚘 V007 [Discapacidad] → En camino creado
[18:35:10] [WARNING] ⏳ V007 esperando cupo...
[18:35:10] [SUCCESS] ✅ V007 ingresó → Espacio #3 | Espera: 0.0s
[18:35:12] [INFO   ] V006 salio | Estacionado: 9.9s
[18:35:14] [INFO   ] V005 salio | Estacionado: 17.11s
[18:35:15] [INFO   ] 🚘 V008 [Normal] → En camino creado
[18:35:16] [WARNING] ⏳ V008 esperando cupo...
[18:35:16] [SUCCESS] ✅ V008 ingresó → Espacio #1 | Espera: 0.0s
[18:35:22] [INFO   ] V007 salio | Estacionado: 12.56s
[18:35:22] [INFO   ] 🚘 V009 [Normal] → En camino creado
[18:35:24] [WARNING] ⏳ V009 esperando cupo...
[18:35:24] [SUCCESS] ✅ V009 ingresó → Espacio #2 | Espera: 0.0s
[18:35:30] [INFO   ] 🚘 V010 [Normal] → En camino creado
[18:35:33] [WARNING] ⏳ V010 esperando cupo...
[18:35:33] [SUCCESS] ✅ V010 ingresó → Espacio #3 | Espera: 0.0s
[18:35:34] [INFO   ] V009 salio | Estacionado: 8.99s
[18:35:34] [INFO   ] V008 salio | Estacionado: 17.7s
[18:35:38] [INFO   ] 🚘 V011 [Normal] → En camino creado
[18:35:40] [WARNING] ⏳ V011 esperando cupo...
[18:35:40] [SUCCESS] ✅ V011 ingresó → Espacio #1 | Espera: 0.0s
[18:35:46] [INFO   ] 🚘 V012 [Discapacidad] → En camino creado
[18:35:47] [WARNING] ⏳ V012 esperando cupo...
[18:35:48] [SUCCESS] ✅ V012 ingresó → Espacio #2 | Espera: 0.0s
[18:35:48] [INFO   ] V010 salio | Estacionado: 14.93s
[18:35:52] [INFO   ] 🚘 V013 [Normal] → En camino creado
[18:35:54] [INFO   ] 🚘 V014 [Normal] → En camino creado
[18:35:55] [INFO   ] 🚘 V015 [Discapacidad] → En camino creado
[18:35:55] [WARNING] ⏳ V013 esperando cupo...
[18:35:56] [SUCCESS] ✅ V013 ingresó → Espacio #3 | Espera: 0.0s
[18:35:56] [WARNING] ⏳ V014 esperando cupo...
[18:35:57] [SUCCESS] ✅ V014 ingresó → Espacio #4 | Espera: 0.0s
[18:35:57] [INFO   ] 🚘 V016 [Normal] → En camino creado
[18:35:58] [WARNING] ⏳ V015 esperando cupo...
[18:35:58] [SUCCESS] ✅ V015 ingresó → Espacio #5 | Espera: 0.0s
[18:35:59] [INFO   ] 🚘 V017 [Normal] → En camino creado
[18:35:59] [WARNING] ⏳ V016 esperando cupo...
[18:36:00] [SUCCESS] ✅ V016 ingresó → Espacio #6 | Espera: 0.0s
[18:36:00] [INFO   ] V011 salio | Estacionado: 17.32s
[18:36:01] [INFO   ] 🚘 V018 [Normal] → En camino creado
[18:36:01] [WARNING] ⏳ V018 esperando cupo...
[18:36:02] [SUCCESS] ✅ V018 ingresó → Espacio #1 | Espera: 0.0s
[18:36:03] [WARNING] ⏳ V017 esperando cupo...
[18:36:03] [INFO   ] V012 salio | Estacionado: 12.6s
[18:36:04] [SUCCESS] ✅ V017 ingresó → Espacio #2 | Espera: 0.92s
[18:36:05] [INFO   ] V013 salio | Estacionado: 10.06s
[18:36:07] [INFO   ] 🚘 V019 [Discapacidad] → En camino creado
[18:36:08] [WARNING] ⏳ V019 esperando cupo...
[18:36:09] [SUCCESS] ✅ V019 ingresó → Espacio #3 | Espera: 0.0s
[18:36:10] [INFO   ] V018 salio | Estacionado: 11.24s
[18:36:11] [INFO   ] V017 salio | Estacionado: 10.53s
[18:36:11] [INFO   ] V015 salio | Estacionado: 15.68s
[18:36:12] [INFO   ] V014 salio | Estacionado: 16.76s
[18:36:14] [INFO   ] V016 salio | Estacionado: 17.31s
[18:36:15] [INFO   ] 🚘 V020 [Normal] → En camino creado
[18:36:18] [WARNING] ⏳ V020 esperando cupo...
[18:36:18] [SUCCESS] ✅ V020 ingresó → Espacio #1 | Espera: 0.0s
[18:36:19] [INFO   ] V019 salio | Estacionado: 10.56s
[18:36:24] [INFO   ] 🚘 V021 [Normal] → En camino creado
[18:36:27] [WARNING] ⏳ V021 esperando cupo...
[18:36:27] [SUCCESS] ✅ V021 ingresó → Espacio #2 | Espera: 0.0s
[18:36:27] [INFO   ] V020 salio | Estacionado: 9.72s
[18:36:34] [INFO   ] 🚘 V022 [Normal] → En camino creado
[18:36:36] [WARNING] ⏳ V022 esperando cupo...
[18:36:37] [SUCCESS] ✅ V022 ingresó → Espacio #1 | Espera: 0.0s
[18:36:38] [INFO   ] V021 salio | Estacionado: 11.15s
[18:36:42] [INFO   ] 🚘 V023 [Discapacidad] → En camino creado
[18:36:43] [WARNING] ⏳ V023 esperando cupo...
[18:36:43] [SUCCESS] ✅ V023 ingresó → Espacio #2 | Espera: 0.0s
[18:36:49] [INFO   ] V022 salio | Estacionado: 12.34s
[18:36:51] [INFO   ] 🚘 V024 [Normal] → En camino creado
[18:36:52] [INFO   ] V023 salio | Estacionado: 9.09s
[18:36:52] [WARNING] ⏳ V024 esperando cupo...
[18:36:53] [SUCCESS] ✅ V024 ingresó → Espacio #1 | Espera: 0.0s
[18:36:58] [INFO   ] 🚘 V025 [Normal] → En camino creado
[18:36:59] [WARNING] ⏳ V025 esperando cupo...
[18:36:59] [SUCCESS] ✅ V025 ingresó → Espacio #2 | Espera: 0.0s
[18:37:06] [INFO   ] 🚘 V026 [Normal] → En camino creado
[18:37:08] [WARNING] ⏳ V026 esperando cupo...
[18:37:08] [SUCCESS] ✅ V026 ingresó → Espacio #3 | Espera: 0.0s
[18:37:10] [INFO   ] V024 salio | Estacionado: 17.52s
[18:37:14] [INFO   ] V025 salio | Estacionado: 15.15s
[18:37:16] [INFO   ] 🚘 V027 [Normal] → En camino creado
[18:37:18] [WARNING] ⏳ V027 esperando cupo...
[18:37:18] [SUCCESS] ✅ V027 ingresó → Espacio #1 | Espera: 0.0s
[18:37:18] [WARNING] 🛑 Simulador detenido
[18:37:18] [INFO   ] V026 salio | Estacionado: 10.85s
[18:37:18] [INFO   ] V027 salio | Estacionado: 0.06s
