[18:20:56] [INFO   ] 📋 Gestor de métricas iniciado
[18:20:57] [INFO   ] ✅ Simulador iniciado
[18:20:58] [INFO   ] 🚘 V001 [Normal] → En camino creado
[18:20:59] [WARNING] ⏳ V001 esperando cupo...
[18:20:59] [SUCCESS] ✅ V001 ingresó → Espacio #1 | Espera: 0.0s
[18:21:01] [INFO   ] 🚘 V002 [Normal] → En camino creado
[18:21:03] [INFO   ] V001 salio | Estacionado: 3.39s
[18:21:04] [WARNING] ⏳ V002 esperando cupo...
[18:21:05] [SUCCESS] ✅ V002 ingresó → Espacio #1 | Espera: 0.0s
[18:21:07] [INFO   ] 🚘 V003 [Discapacidad] → En camino creado
[18:21:07] [WARNING] ⏳ V003 esperando cupo...
[18:21:07] [SUCCESS] ✅ V003 ingresó → Espacio #2 | Espera: 0.0s
[18:21:09] [INFO   ] 🚘 V004 [Normal] → En camino creado
[18:21:10] [INFO   ] V002 salio | Estacionado: 5.44s
[18:21:11] [INFO   ] V003 salio | Estacionado: 4.11s
[18:21:11] [WARNING] ⏳ V004 esperando cupo...
[18:21:12] [SUCCESS] ✅ V004 ingresó → Espacio #1 | Espera: 0.0s
[18:21:13] [INFO   ] 🚘 V005 [Normal] → En camino creado
[18:21:15] [WARNING] ⏳ V005 esperando cupo...
[18:21:15] [SUCCESS] ✅ V005 ingresó → Espacio #2 | Espera: 0.0s
[18:21:16] [INFO   ] V004 salio | Estacionado: 4.53s
[18:21:17] [INFO   ] 🚘 V006 [Normal] → En camino creado
[18:21:18] [WARNING] ⏳ V006 esperando cupo...
[18:21:19] [SUCCESS] ✅ V006 ingresó → Espacio #1 | Espera: 0.0s
[18:21:20] [INFO   ] V005 salio | Estacionado: 5.25s
[18:21:21] [INFO   ] 🚘 V007 [Normal] → En camino creado
[18:21:22] [WARNING] ⏳ V007 esperando cupo...
[18:21:22] [SUCCESS] ✅ V007 ingresó → Espacio #2 | Espera: 0.0s
[18:21:23] [INFO   ] 🚘 V008 [Normal] → En camino creado
[18:21:24] [INFO   ] V006 salio | Estacionado: 4.97s
[18:21:25] [WARNING] ⏳ V008 esperando cupo...
[18:21:26] [SUCCESS] ✅ V008 ingresó → Espacio #1 | Espera: 0.0s
[18:21:27] [INFO   ] 🚘 V009 [Discapacidad] → En camino creado
[18:21:28] [INFO   ] V007 salio | Estacionado: 6.03s
[18:21:28] [WARNING] ⏳ V009 esperando cupo...
[18:21:29] [SUCCESS] ✅ V009 ingresó → Espacio #2 | Espera: 0.0s
[18:21:29] [INFO   ] V008 salio | Estacionado: 2.78s
[18:21:30] [INFO   ] 🚘 V010 [Normal] → En camino creado
[18:21:30] [INFO   ] V009 salio | Estacionado: 2.46s
[18:21:33] [INFO   ] 🚘 V011 [Normal] → En camino creado
[18:21:33] [WARNING] ⏳ V010 esperando cupo...
[18:21:34] [SUCCESS] ✅ V010 ingresó → Espacio #1 | Espera: 0.0s
[18:21:36] [WARNING] ⏳ V011 esperando cupo...
[18:21:37] [SUCCESS] ✅ V011 ingresó → Espacio #2 | Espera: 0.0s
[18:21:38] [INFO   ] 🚘 V012 [Discapacidad] → En camino creado
[18:21:40] [INFO   ] V010 salio | Estacionado: 5.66s
[18:21:40] [WARNING] ⏳ V012 esperando cupo...
[18:21:40] [SUCCESS] ✅ V012 ingresó → Espacio #1 | Espera: 0.0s
[18:21:41] [INFO   ] V011 salio | Estacionado: 4.71s
[18:21:42] [INFO   ] 🚘 V013 [Normal] → En camino creado
[18:21:44] [INFO   ] 🚘 V014 [Discapacidad] → En camino creado
[18:21:44] [INFO   ] V012 salio | Estacionado: 4.76s
[18:21:45] [WARNING] ⏳ V013 esperando cupo...
[18:21:45] [SUCCESS] ✅ V013 ingresó → Espacio #1 | Espera: 0.0s
[18:21:46] [WARNING] ⏳ V014 esperando cupo...
[18:21:46] [SUCCESS] ✅ V014 ingresó → Espacio #2 | Espera: 0.0s
[18:21:48] [INFO   ] V014 salio | Estacionado: 2.25s
[18:21:48] [INFO   ] 🚘 V015 [Normal] → En camino creado
[18:21:49] [WARNING] ⏳ V015 esperando cupo...
[18:21:50] [SUCCESS] ✅ V015 ingresó → Espacio #2 | Espera: 0.0s
[18:21:50] [INFO   ] V013 salio | Estacionado: 5.55s
[18:21:51] [INFO   ] 🚘 V016 [Normal] → En camino creado
[18:21:52] [INFO   ] V015 salio | Estacionado: 2.4s
[18:21:52] [WARNING] ⏳ V016 esperando cupo...
[18:21:52] [SUCCESS] ✅ V016 ingresó → Espacio #1 | Espera: 0.0s
[18:21:55] [INFO   ] 🚘 V017 [Normal] → En camino creado
[18:21:55] [INFO   ] V016 salio | Estacionado: 3.42s
[18:21:57] [WARNING] ⏳ V017 esperando cupo...
[18:21:57] [SUCCESS] ✅ V017 ingresó → Espacio #1 | Espera: 0.0s
[18:21:59] [INFO   ] 🚘 V018 [Normal] → En camino creado
[18:22:01] [INFO   ] V017 salio | Estacionado: 3.85s
[18:22:01] [WARNING] ⏳ V018 esperando cupo...
[18:22:01] [SUCCESS] ✅ V018 ingresó → Espacio #1 | Espera: 0.0s
[18:22:04] [INFO   ] 🚘 V019 [Normal] → En camino creado
[18:22:07] [WARNING] ⏳ V019 esperando cupo...
[18:22:08] [SUCCESS] ✅ V019 ingresó → Espacio #2 | Espera: 0.0s
[18:22:08] [INFO   ] V018 salio | Estacionado: 6.68s
[18:22:09] [INFO   ] 🚘 V020 [Normal] → En camino creado
[18:22:10] [INFO   ] V019 salio | Estacionado: 2.86s
[18:22:11] [WARNING] ⏳ V020 esperando cupo...
[18:22:11] [SUCCESS] ✅ V020 ingresó → Espacio #1 | Espera: 0.0s
[18:22:12] [INFO   ] 🚘 V021 [Discapacidad] → En camino creado
[18:22:13] [WARNING] ⏳ V021 esperando cupo...
[18:22:14] [SUCCESS] ✅ V021 ingresó → Espacio #2 | Espera: 0.0s
[18:22:15] [INFO   ] V020 salio | Estacionado: 3.91s
[18:22:15] [INFO   ] 🚘 V022 [Normal] → En camino creado
[18:22:18] [INFO   ] V021 salio | Estacionado: 4.79s
[18:22:18] [WARNING] ⏳ V022 esperando cupo...
[18:22:18] [SUCCESS] ✅ V022 ingresó → Espacio #1 | Espera: 0.0s
[18:22:19] [INFO   ] 🚘 V023 [Normal] → En camino creado
[18:22:21] [WARNING] ⏳ V023 esperando cupo...
[18:22:21] [SUCCESS] ✅ V023 ingresó → Espacio #2 | Espera: 0.0s
[18:22:23] [INFO   ] 🚘 V024 [Normal] → En camino creado
[18:22:24] [INFO   ] V023 salio | Estacionado: 3.63s
[18:22:24] [INFO   ] V022 salio | Estacionado: 5.89s
[18:22:24] [WARNING] ⏳ V024 esperando cupo...
[18:22:25] [SUCCESS] ✅ V024 ingresó → Espacio #1 | Espera: 0.0s
[18:22:27] [INFO   ] 🚘 V025 [Discapacidad] → En camino creado
[18:22:28] [WARNING] ⏳ V025 esperando cupo...
[18:22:28] [SUCCESS] ✅ V025 ingresó → Espacio #2 | Espera: 0.0s
[18:22:30] [INFO   ] 🚘 V026 [Normal] → En camino creado
[18:22:31] [INFO   ] V024 salio | Estacionado: 6.75s
[18:22:33] [INFO   ] 🚘 V027 [Normal] → En camino creado
[18:22:34] [WARNING] ⏳ V026 esperando cupo...
[18:22:34] [SUCCESS] ✅ V026 ingresó → Espacio #1 | Espera: 0.0s
[18:22:34] [INFO   ] V025 salio | Estacionado: 5.28s
[18:22:35] [WARNING] ⏳ V027 esperando cupo...
[18:22:35] [SUCCESS] ✅ V027 ingresó → Espacio #2 | Espera: 0.0s
[18:22:37] [INFO   ] V026 salio | Estacionado: 3.24s
[18:22:38] [INFO   ] 🚘 V028 [Normal] → En camino creado
[18:22:40] [INFO   ] V027 salio | Estacionado: 4.83s
[18:22:41] [WARNING] ⏳ V028 esperando cupo...
[18:22:41] [SUCCESS] ✅ V028 ingresó → Espacio #1 | Espera: 0.0s
[18:22:42] [INFO   ] 🚘 V029 [Normal] → En camino creado
[18:22:43] [WARNING] ⏳ V029 esperando cupo...
[18:22:43] [SUCCESS] ✅ V029 ingresó → Espacio #2 | Espera: 0.0s
[18:22:44] [INFO   ] 🚘 V030 [Normal] → En camino creado
[18:22:46] [WARNING] ⏳ V030 esperando cupo...
[18:22:46] [SUCCESS] ✅ V030 ingresó → Espacio #3 | Espera: 0.0s
[18:22:47] [INFO   ] V028 salio | Estacionado: 6.49s
[18:22:48] [INFO   ] 🚘 V031 [Normal] → En camino creado
[18:22:48] [INFO   ] V030 salio | Estacionado: 2.27s
[18:22:49] [INFO   ] V029 salio | Estacionado: 6.99s
[18:22:50] [WARNING] ⏳ V031 esperando cupo...
[18:22:50] [SUCCESS] ✅ V031 ingresó → Espacio #1 | Espera: 0.0s
[18:22:52] [INFO   ] 🚘 V032 [Normal] → En camino creado
[18:22:53] [WARNING] ⏳ V032 esperando cupo...
[18:22:54] [SUCCESS] ✅ V032 ingresó → Espacio #2 | Espera: 0.0s
[18:22:56] [INFO   ] V031 salio | Estacionado: 5.96s
[18:22:56] [INFO   ] 🚘 V033 [Discapacidad] → En camino creado
[18:22:57] [INFO   ] V032 salio | Estacionado: 3.92s
[18:22:58] [WARNING] ⏳ V033 esperando cupo...
[18:22:58] [SUCCESS] ✅ V033 ingresó → Espacio #1 | Espera: 0.0s
[18:23:00] [INFO   ] 🚘 V034 [Discapacidad] → En camino creado
[18:23:00] [WARNING] ⏳ V034 esperando cupo...
[18:23:01] [SUCCESS] ✅ V034 ingresó → Espacio #2 | Espera: 0.0s
[18:23:03] [INFO   ] 🚘 V035 [Normal] → En camino creado
[18:23:05] [INFO   ] V033 salio | Estacionado: 6.91s
[18:23:06] [INFO   ] V034 salio | Estacionado: 5.65s
[18:23:06] [WARNING] ⏳ V035 esperando cupo...
[18:23:06] [SUCCESS] ✅ V035 ingresó → Espacio #1 | Espera: 0.0s
[18:23:07] [INFO   ] 🚘 V036 [Normal] → En camino creado
[18:23:09] [WARNING] ⏳ V036 esperando cupo...
[18:23:09] [SUCCESS] ✅ V036 ingresó → Espacio #2 | Espera: 0.0s
[18:23:09] [INFO   ] V035 salio | Estacionado: 3.33s
[18:23:11] [INFO   ] 🚘 V037 [Normal] → En camino creado
[18:23:13] [INFO   ] V036 salio | Estacionado: 4.17s
[18:23:14] [INFO   ] 🚘 V038 [Discapacidad] → En camino creado
[18:23:15] [WARNING] ⏳ V038 esperando cupo...
[18:23:16] [SUCCESS] ✅ V038 ingresó → Espacio #1 | Espera: 0.0s
[18:23:16] [WARNING] ⏳ V037 esperando cupo...
[18:23:17] [SUCCESS] ✅ V037 ingresó → Espacio #2 | Espera: 0.0s
[18:23:18] [INFO   ] V037 salio | Estacionado: 2.89s
[18:23:18] [INFO   ] 🚘 V039 [Discapacidad] → En camino creado
[18:23:20] [INFO   ] V038 salio | Estacionado: 4.51s
[18:23:20] [WARNING] ⏳ V039 esperando cupo...
[18:23:20] [SUCCESS] ✅ V039 ingresó → Espacio #1 | Espera: 0.0s
[18:23:23] [INFO   ] 🚘 V040 [Normal] → En camino creado
[18:23:24] [INFO   ] V039 salio | Estacionado: 3.52s
[18:23:26] [WARNING] ⏳ V040 esperando cupo...
[18:23:26] [SUCCESS] ✅ V040 ingresó → Espacio #1 | Espera: 0.0s
[18:23:27] [INFO   ] 🚘 V041 [Normal] → En camino creado
[18:23:28] [INFO   ] V040 salio | Estacionado: 2.76s
[18:23:30] [WARNING] ⏳ V041 esperando cupo...
[18:23:30] [SUCCESS] ✅ V041 ingresó → Espacio #1 | Espera: 0.0s
[18:23:32] [INFO   ] 🚘 V042 [Normal] → En camino creado
[18:23:33] [WARNING] ⏳ V042 esperando cupo...
[18:23:34] [SUCCESS] ✅ V042 ingresó → Espacio #2 | Espera: 0.0s
[18:23:35] [INFO   ] V041 salio | Estacionado: 5.91s
[18:23:36] [INFO   ] 🚘 V043 [Normal] → En camino creado
[18:23:37] [INFO   ] V042 salio | Estacionado: 3.62s
[18:23:37] [WARNING] 🛑 Simulador detenido
