[18:26:32] [INFO   ] 📋 Gestor de métricas iniciado
[18:26:32] [INFO   ] ✅ Simulador iniciado
[18:26:35] [INFO   ] 🚘 V001 [Normal] → En camino creado
[18:26:37] [WARNING] ⏳ V001 esperando cupo...
[18:26:37] [SUCCESS] ✅ V001 ingresó → Espacio #1 | Espera: 0.0s
[18:26:38] [INFO   ] 🚘 V002 [Normal] → En camino creado
[18:26:43] [INFO   ] 🚘 V003 [Normal] → En camino creado
[18:26:44] [WARNING] ⏳ V002 esperando cupo...
[18:26:45] [SUCCESS] ✅ V002 ingresó → Espacio #2 | Espera: 0.0s
[18:26:45] [INFO   ] 🚘 V004 [Normal] → En camino creado
[18:26:46] [INFO   ] V001 salio | Estacionado: 7.76s
[18:26:47] [WARNING] ⏳ V004 esperando cupo...
[18:26:47] [SUCCESS] ✅ V004 ingresó → Espacio #1 | Espera: 0.0s
[18:26:48] [WARNING] ⏳ V003 esperando cupo...
[18:26:49] [SUCCESS] ✅ V003 ingresó → Espacio #3 | Espera: 0.0s
[18:26:49] [INFO   ] V002 salio | Estacionado: 5.91s
[18:26:51] [INFO   ] 🚘 V005 [Normal] → En camino creado
[18:26:51] [INFO   ] 🚘 V006 [Normal] → En camino creado
[18:26:54] [INFO   ] V004 salio | Estacionado: 7.19s
[18:26:54] [WARNING] ⏳ V005 esperando cupo...
[18:26:55] [SUCCESS] ✅ V005 ingresó → Espacio #1 | Espera: 0.0s
[18:26:55] [WARNING] ⏳ V006 esperando cupo...
[18:26:56] [SUCCESS] ✅ V006 ingresó → Espacio #2 | Espera: 0.0s
[18:26:57] [INFO   ] 🚘 V007 [Normal] → En camino creado
[18:26:58] [INFO   ] 🚘 V008 [Normal] → En camino creado
[18:26:58] [INFO   ] V003 salio | Estacionado: 10.05s
[18:26:59] [WARNING] ⏳ V007 esperando cupo...
[18:27:00] [SUCCESS] ✅ V007 ingresó → Espacio #3 | Espera: 0.0s
[18:27:01] [INFO   ] V005 salio | Estacionado: 7.22s
[18:27:02] [INFO   ] 🚘 V009 [Normal] → En camino creado
[18:27:03] [WARNING] ⏳ V008 esperando cupo...
[18:27:03] [SUCCESS] ✅ V008 ingresó → Espacio #1 | Espera: 0.0s
[18:27:04] [INFO   ] 🚘 V010 [Normal] → En camino creado
[18:27:06] [WARNING] ⏳ V010 esperando cupo...
[18:27:06] [SUCCESS] ✅ V010 ingresó → Espacio #4 | Espera: 0.0s
[18:27:07] [INFO   ] 🚘 V011 [Normal] → En camino creado
[18:27:08] [INFO   ] V006 salio | Estacionado: 10.9s
[18:27:08] [WARNING] ⏳ V009 esperando cupo...
[18:27:08] [SUCCESS] ✅ V009 ingresó → Espacio #2 | Espera: 0.0s
[18:27:09] [INFO   ] V007 salio | Estacionado: 8.4s
[18:27:12] [INFO   ] V008 salio | Estacionado: 8.37s
[18:27:12] [INFO   ] 🚘 V012 [Normal] → En camino creado
[18:27:12] [WARNING] ⏳ V011 esperando cupo...
[18:27:13] [SUCCESS] ✅ V011 ingresó → Espacio #1 | Espera: 0.0s
[18:27:14] [INFO   ] 🚘 V013 [Normal] → En camino creado
[18:27:16] [INFO   ] 🚘 V014 [Normal] → En camino creado
[18:27:16] [WARNING] ⏳ V013 esperando cupo...
[18:27:17] [SUCCESS] ✅ V013 ingresó → Espacio #3 | Espera: 0.0s
[18:27:17] [WARNING] ⏳ V012 esperando cupo...
[18:27:18] [SUCCESS] ✅ V012 ingresó → Espacio #5 | Espera: 0.0s
[18:27:19] [INFO   ] V010 salio | Estacionado: 13.52s
[18:27:20] [INFO   ] V009 salio | Estacionado: 12.41s
[18:27:21] [INFO   ] V011 salio | Estacionado: 8.85s
[18:27:21] [INFO   ] 🚘 V015 [Normal] → En camino creado
[18:27:22] [INFO   ] 🚘 V016 [Normal] → En camino creado
[18:27:22] [WARNING] ⏳ V014 esperando cupo...
[18:27:23] [SUCCESS] ✅ V014 ingresó → Espacio #1 | Espera: 0.0s
[18:27:24] [WARNING] ⏳ V016 esperando cupo...
[18:27:24] [SUCCESS] ✅ V016 ingresó → Espacio #2 | Espera: 0.0s
[18:27:24] [WARNING] ⏳ V015 esperando cupo...
[18:27:25] [SUCCESS] ✅ V015 ingresó → Espacio #4 | Espera: 0.0s
[18:27:27] [INFO   ] 🚘 V017 [Normal] → En camino creado
[18:27:27] [INFO   ] 🚘 V018 [Normal] → En camino creado
[18:27:28] [INFO   ] V013 salio | Estacionado: 10.78s
[18:27:29] [INFO   ] V014 salio | Estacionado: 7.33s
[18:27:29] [INFO   ] V016 salio | Estacionado: 6.09s
[18:27:30] [INFO   ] V012 salio | Estacionado: 12.06s
[18:27:30] [WARNING] ⏳ V018 esperando cupo...
[18:27:31] [SUCCESS] ✅ V018 ingresó → Espacio #1 | Espera: 0.0s
[18:27:31] [WARNING] ⏳ V017 esperando cupo...
[18:27:32] [SUCCESS] ✅ V017 ingresó → Espacio #2 | Espera: 0.0s
[18:27:32] [INFO   ] V015 salio | Estacionado: 7.86s
[18:27:34] [INFO   ] 🚘 V019 [Normal] → En camino creado
[18:27:34] [INFO   ] 🚘 V020 [Normal] → En camino creado
[18:27:38] [INFO   ] V018 salio | Estacionado: 7.69s
[18:27:38] [INFO   ] 🚘 V021 [Normal] → En camino creado
[18:27:39] [WARNING] ⏳ V019 esperando cupo...
[18:27:39] [SUCCESS] ✅ V019 ingresó → Espacio #1 | Espera: 0.0s
[18:27:40] [INFO   ] 🚘 V022 [Discapacidad] → En camino creado
[18:27:41] [WARNING] ⏳ V020 esperando cupo...
[18:27:41] [SUCCESS] ✅ V020 ingresó → Espacio #3 | Espera: 0.0s
[18:27:42] [WARNING] ⏳ V022 esperando cupo...
[18:27:43] [SUCCESS] ✅ V022 ingresó → Espacio #4 | Espera: 0.0s
[18:27:44] [WARNING] ⏳ V021 esperando cupo...
[18:27:45] [SUCCESS] ✅ V021 ingresó → Espacio #5 | Espera: 0.0s
[18:27:45] [INFO   ] V017 salio | Estacionado: 14.39s
[18:27:48] [INFO   ] 🚘 V023 [Normal] → En camino creado
[18:27:49] [INFO   ] 🚘 V024 [Normal] → En camino creado
[18:27:49] [INFO   ] V019 salio | Estacionado: 10.58s
[18:27:51] [WARNING] ⏳ V023 esperando cupo...
[18:27:51] [SUCCESS] ✅ V023 ingresó → Espacio #1 | Espera: 0.0s
[18:27:52] [INFO   ] V020 salio | Estacionado: 11.89s
[18:27:52] [INFO   ] 🚘 V025 [Discapacidad] → En camino creado
[18:27:53] [WARNING] ⏳ V024 esperando cupo...
[18:27:54] [SUCCESS] ✅ V024 ingresó → Espacio #2 | Espera: 0.0s
[18:27:54] [WARNING] ⏳ V025 esperando cupo...
[18:27:55] [SUCCESS] ✅ V025 ingresó → Espacio #3 | Espera: 0.0s
[18:27:55] [INFO   ] V022 salio | Estacionado: 13.43s
[18:27:55] [INFO   ] V021 salio | Estacionado: 12.76s
[18:27:58] [INFO   ] V023 salio | Estacionado: 7.12s
[18:27:58] [INFO   ] 🚘 V026 [Normal] → En camino creado
[18:27:59] [INFO   ] 🚘 V027 [Normal] → En camino creado
[18:28:00] [INFO   ] V024 salio | Estacionado: 8.15s
[18:28:02] [WARNING] ⏳ V027 esperando cupo...
[18:28:02] [SUCCESS] ✅ V027 ingresó → Espacio #1 | Espera: 0.0s
[18:28:02] [INFO   ] 🚘 V028 [Normal] → En camino creado
[18:28:04] [WARNING] ⏳ V026 esperando cupo...
[18:28:05] [SUCCESS] ✅ V026 ingresó → Espacio #2 | Espera: 0.0s
[18:28:05] [INFO   ] 🚘 V029 [Discapacidad] → En camino creado
[18:28:06] [WARNING] ⏳ V028 esperando cupo...
[18:28:06] [SUCCESS] ✅ V028 ingresó → Espacio #4 | Espera: 0.0s
[18:28:07] [INFO   ] V025 salio | Estacionado: 11.59s
[18:28:07] [WARNING] ⏳ V029 esperando cupo...
[18:28:08] [SUCCESS] ✅ V029 ingresó → Espacio #3 | Espera: 0.0s
[18:28:08] [INFO   ] V027 salio | Estacionado: 7.54s
[18:28:10] [INFO   ] 🚘 V030 [Normal] → En camino creado
[18:28:11] [INFO   ] 🚘 V031 [Normal] → En camino creado
[18:28:12] [INFO   ] V028 salio | Estacionado: 7.23s
[18:28:13] [WARNING] ⏳ V030 esperando cupo...
[18:28:13] [SUCCESS] ✅ V030 ingresó → Espacio #1 | Espera: 0.0s
[18:28:14] [WARNING] ⏳ V031 esperando cupo...
[18:28:14] [SUCCESS] ✅ V031 ingresó → Espacio #4 | Espera: 0.0s
[18:28:15] [INFO   ] V026 salio | Estacionado: 10.85s
[18:28:16] [INFO   ] 🚘 V032 [Normal] → En camino creado
[18:28:17] [INFO   ] 🚘 V033 [Normal] → En camino creado
[18:28:19] [WARNING] ⏳ V032 esperando cupo...
[18:28:19] [SUCCESS] ✅ V032 ingresó → Espacio #2 | Espera: 0.0s
[18:28:20] [INFO   ] V029 salio | Estacionado: 14.98s
[18:28:21] [INFO   ] 🚘 V034 [Discapacidad] → En camino creado
[18:28:22] [INFO   ] 🚘 V035 [Normal] → En camino creado
[18:28:23] [WARNING] ⏳ V033 esperando cupo...
[18:28:23] [SUCCESS] ✅ V033 ingresó → Espacio #3 | Espera: 0.0s
[18:28:24] [INFO   ] V030 salio | Estacionado: 11.29s
[18:28:24] [WARNING] ⏳ V034 esperando cupo...
[18:28:25] [SUCCESS] ✅ V034 ingresó → Espacio #1 | Espera: 0.0s
[18:28:26] [INFO   ] V031 salio | Estacionado: 12.93s
[18:28:26] [WARNING] ⏳ V035 esperando cupo...
[18:28:27] [SUCCESS] ✅ V035 ingresó → Espacio #4 | Espera: 0.0s
[18:28:29] [INFO   ] 🚘 V036 [Normal] → En camino creado
[18:28:29] [INFO   ] 🚘 V037 [Normal] → En camino creado
[18:28:30] [INFO   ] V032 salio | Estacionado: 10.3s
[18:28:31] [WARNING] ⏳ V036 esperando cupo...
[18:28:31] [SUCCESS] ✅ V036 ingresó → Espacio #2 | Espera: 0.0s
[18:28:31] [INFO   ] V036 salio | Estacionado: 0.1s
[18:28:31] [INFO   ] V035 salio | Estacionado: 4.87s
[18:28:31] [INFO   ] V033 salio | Estacionado: 8.78s
[18:28:31] [WARNING] 🛑 Simulador detenido
[18:28:31] [INFO   ] V034 salio | Estacionado: 7.1s
