[18:56:49] [INFO   ] 📋 Gestor de métricas iniciado
[18:56:49] [INFO   ] ✅ Simulador iniciado
[18:56:51] [INFO   ] 🚘 V001 [Normal] → En camino creado
[18:56:51] [WARNING] ⏳ V001 esperando cupo...
[18:56:52] [SUCCESS] ✅ V001 ingresó → Espacio #1 | Espera: 0.0s
[18:57:00] [INFO   ] 🚘 V002 [Normal] → En camino creado
[18:57:01] [WARNING] ⏳ V002 esperando cupo...
[18:57:02] [SUCCESS] ✅ V002 ingresó → Espacio #2 | Espera: 0.0s
[18:57:04] [INFO   ] V001 salio | Estacionado: 12.45s
[18:57:11] [INFO   ] 🚘 V003 [Normal] → En camino creado
[18:57:13] [WARNING] ⏳ V003 esperando cupo...
[18:57:13] [SUCCESS] ✅ V003 ingresó → Espacio #1 | Espera: 0.0s
[18:57:20] [INFO   ] 🚘 V004 [Normal] → En camino creado
[18:57:20] [INFO   ] V002 salio | Estacionado: 18.92s
[18:57:22] [WARNING] ⏳ V004 esperando cupo...
[18:57:22] [SUCCESS] ✅ V004 ingresó → Espacio #2 | Espera: 0.0s
[18:57:23] [INFO   ] V003 salio | Estacionado: 10.94s
[18:57:30] [INFO   ] 🚘 V005 [Normal] → En camino creado
[18:57:32] [WARNING] ⏳ V005 esperando cupo...
[18:57:32] [SUCCESS] ✅ V005 ingresó → Espacio #1 | Espera: 0.0s
[18:57:33] [INFO   ] V004 salio | Estacionado: 12.01s
[18:57:39] [INFO   ] 🚘 V006 [Normal] → En camino creado
[18:57:41] [WARNING] ⏳ V006 esperando cupo...
[18:57:42] [SUCCESS] ✅ V006 ingresó → Espacio #2 | Espera: 0.0s
[18:57:46] [INFO   ] V005 salio | Estacionado: 14.49s
[18:57:50] [INFO   ] 🚘 V007 [Normal] → En camino creado
[18:57:52] [WARNING] ⏳ V007 esperando cupo...
[18:57:52] [SUCCESS] ✅ V007 ingresó → Espacio #1 | Espera: 0.0s
[18:57:59] [INFO   ] V006 salio | Estacionado: 18.11s
[18:58:00] [INFO   ] 🚘 V008 [Normal] → En camino creado
[18:58:01] [WARNING] ⏳ V008 esperando cupo...
[18:58:01] [SUCCESS] ✅ V008 ingresó → Espacio #2 | Espera: 0.0s
[18:58:04] [INFO   ] V007 salio | Estacionado: 12.15s
[18:58:09] [INFO   ] 🚘 V009 [Normal] → En camino creado
[18:58:10] [WARNING] ⏳ V009 esperando cupo...
[18:58:11] [SUCCESS] ✅ V009 ingresó → Espacio #1 | Espera: 0.0s
[18:58:11] [INFO   ] V008 salio | Estacionado: 10.97s
[18:58:21] [INFO   ] 🚘 V010 [Normal] → En camino creado
[18:58:21] [INFO   ] V009 salio | Estacionado: 10.44s
[18:58:22] [WARNING] ⏳ V010 esperando cupo...
[18:58:22] [SUCCESS] ✅ V010 ingresó → Espacio #1 | Espera: 0.0s
[18:58:31] [INFO   ] V010 salio | Estacionado: 9.76s
[18:58:31] [WARNING] 🛑 Simulador detenido
