[18:41:20] [INFO   ] 📋 Gestor de métricas iniciado
[18:41:20] [INFO   ] ✅ Simulador iniciado
[18:41:22] [INFO   ] 🚘 V001 [Normal] → En camino creado
[18:41:23] [WARNING] ⏳ V001 esperando cupo...
[18:41:23] [SUCCESS] ✅ V001 ingresó → Espacio #1 | Espera: 0.0s
[18:41:27] [INFO   ] V001 salio | Estacionado: 4.22s
[18:41:31] [INFO   ] 🚘 V002 [Normal] → En camino creado
[18:41:32] [WARNING] ⏳ V002 esperando cupo...
[18:41:32] [SUCCESS] ✅ V002 ingresó → Espacio #1 | Espera: 0.0s
[18:41:39] [INFO   ] V002 salio | Estacionado: 7.46s
[18:41:42] [INFO   ] 🚘 V003 [Normal] → En camino creado
[18:41:44] [WARNING] ⏳ V003 esperando cupo...
[18:41:44] [SUCCESS] ✅ V003 ingresó → Espacio #1 | Espera: 0.0s
[18:41:47] [INFO   ] V003 salio | Estacionado: 3.47s
[18:41:50] [INFO   ] 🚘 V004 [Normal] → En camino creado
[18:41:52] [WARNING] ⏳ V004 esperando cupo...
[18:41:53] [SUCCESS] ✅ V004 ingresó → Espacio #1 | Espera: 0.0s
[18:41:56] [INFO   ] V004 salio | Estacionado: 3.99s
[18:42:00] [INFO   ] 🚘 V005 [Normal] → En camino creado
[18:42:02] [WARNING] ⏳ V005 esperando cupo...
[18:42:03] [SUCCESS] ✅ V005 ingresó → Espacio #1 | Espera: 0.0s
[18:42:08] [INFO   ] V005 salio | Estacionado: 5.25s
[18:42:09] [INFO   ] 🚘 V006 [Normal] → En camino creado
[18:42:12] [WARNING] ⏳ V006 esperando cupo...
[18:42:12] [SUCCESS] ✅ V006 ingresó → Espacio #1 | Espera: 0.0s
[18:42:19] [INFO   ] V006 salio | Estacionado: 7.03s
[18:42:20] [INFO   ] 🚘 V007 [Normal] → En camino creado
[18:42:22] [WARNING] ⏳ V007 esperando cupo...
[18:42:22] [SUCCESS] ✅ V007 ingresó → Espacio #1 | Espera: 0.0s
[18:42:26] [INFO   ] V007 salio | Estacionado: 4.08s
[18:42:29] [INFO   ] 🚘 V008 [Normal] → En camino creado
[18:42:30] [WARNING] ⏳ V008 esperando cupo...
[18:42:31] [SUCCESS] ✅ V008 ingresó → Espacio #1 | Espera: 0.0s
[18:42:32] [WARNING] 🛑 Simulador detenido
[18:42:32] [INFO   ] V008 salio | Estacionado: 2.41s
