[18:27:57] [INFO   ] 📋 Gestor de métricas iniciado
[18:27:57] [INFO   ] Simulador iniciado
[18:27:57] [INFO   ] V001 [Normal] → En camino creado
[18:27:58] [WARNING] V001 esperando cupo...
[18:27:58] [SUCCESS] V001 ingreso -> Espacio #1 | Espera: 0.0s
[18:27:59] [INFO   ] V002 [Normal] → En camino creado
[18:28:00] [INFO   ] V003 [Normal] → En camino creado
[18:28:01] [WARNING] V002 esperando cupo...
[18:28:02] [SUCCESS] V002 ingreso -> Espacio #2 | Espera: 0.0s
[18:28:03] [WARNING] V003 esperando cupo...
[18:28:04] [SUCCESS] V003 ingreso -> Espacio #3 | Espera: 0.0s
[18:28:04] [INFO   ] V004 [Normal] → En camino creado
[18:28:05] [WARNING] V004 esperando cupo...
[18:28:05] [SUCCESS] V004 ingreso -> Espacio #4 | Espera: 0.0s
[18:28:07] [INFO   ] V005 [Normal] → En camino creado
[18:28:08] [INFO   ] V006 [Normal] → En camino creado
[18:28:08] [WARNING] V005 esperando cupo...
[18:28:09] [SUCCESS] V005 ingreso -> Espacio #5 | Espera: 0.0s
[18:28:10] [WARNING] V006 esperando cupo...
[18:28:10] [SUCCESS] V006 ingreso -> Espacio #6 | Espera: 0.0s
[18:28:11] [INFO   ] V001 salio | Estacionado: 12.77s
[18:28:13] [INFO   ] V002 salio | Estacionado: 10.9s
[18:28:17] [INFO   ] V003 salio | Estacionado: 14.22s
[18:28:20] [INFO   ] V004 salio | Estacionado: 15.11s
[18:28:21] [INFO   ] V005 salio | Estacionado: 12.21s
[18:28:21] [INFO   ] V006 salio | Estacionado: 12.51s
[18:28:21] [WARNING] Simulador detenido
