[18:51:45] [INFO   ] 📋 Gestor de métricas iniciado
[18:51:45] [INFO   ] ✅ Simulador iniciado
[18:51:47] [INFO   ] 🚘 V001 [Normal] → En camino creado
[18:51:47] [WARNING] ⏳ V001 esperando cupo...
[18:51:48] [SUCCESS] ✅ V001 ingresó → Espacio #1 | Espera: 0.0s
[18:51:56] [INFO   ] 🚘 V002 [Normal] → En camino creado
[18:51:57] [WARNING] ⏳ V002 esperando cupo...
[18:51:57] [SUCCESS] ✅ V002 ingresó → Espacio #2 | Espera: 0.0s
[18:51:58] [INFO   ] V001 salio | Estacionado: 9.74s
[18:52:07] [INFO   ] 🚘 V003 [Normal] → En camino creado
[18:52:09] [WARNING] ⏳ V003 esperando cupo...
[18:52:09] [SUCCESS] ✅ V003 ingresó → Espacio #1 | Espera: 0.0s
[18:52:11] [INFO   ] V002 salio | Estacionado: 14.25s
[18:52:15] [INFO   ] 🚘 V004 [Normal] → En camino creado
[18:52:17] [WARNING] ⏳ V004 esperando cupo...
[18:52:17] [SUCCESS] ✅ V004 ingresó → Espacio #2 | Espera: 0.0s
[18:52:18] [INFO   ] V003 salio | Estacionado: 8.66s
[18:52:26] [INFO   ] 🚘 V005 [Normal] → En camino creado
[18:52:26] [INFO   ] V004 salio | Estacionado: 9.39s
[18:52:27] [WARNING] ⏳ V005 esperando cupo...
[18:52:27] [SUCCESS] ✅ V005 ingresó → Espacio #1 | Espera: 0.0s
[18:52:32] [INFO   ] V005 salio | Estacionado: 4.99s
[18:52:32] [WARNING] 🛑 Simulador detenido
